// Jest Snapshot v1, https://goo.gl/fbAQLP

exports[`Test en GifExpertApp render correcto  1`] = `
<Fragment>
  <h2>
    GifExpertApp
  </h2>
  <AddCategory
    setCategories={[Function]}
  />
  <hr />
  <ol>
    <GifGrid
      category="Game of Thrones"
      key="Game of Thrones"
    />
  </ol>
</Fragment>
`;
